// Jest Snapshot v1, https://goo.gl/fbAQLP

exports[`ap-counter.vue snapshot. Проверяем соответствие шаблону 1`] = `
<div
  class="ap-counter"
>
  <div>
    <span>
      Value: 
    </span>
     
    <span>
      
    </span>
  </div>
   
  <button>
    Increment
  </button>
</div>
`;
